
> queue-system-backend@1.0.0 test
> cross-env NODE_ENV=test jest --runInBand

node.exe : FAIL tests/queue.test.js
At line:1 char:1
+ & "C:\Program Files\nodejs/node.exe" "C:\Program Files\nodejs/node_mo ...
+ ~~~~~~~~~~~~~~~~~~~~~~~~~~~~~~~~~~~~~~~~~~~~~~~~~~~~~~~~~~~~~~~~~~~~~
    + CategoryInfo          : NotSpecified: (FAIL tests/queue.test.js:String) [], RemoteException
    + FullyQualifiedErrorId : NativeCommandError
 
  Queue APIs
    POST /api/queue/join
      ├ù should join the queue successfully (8 ms)
      ├ù should not allow a user to join twice for the same event (4 ms)
      ├ù should fail if event ID is invalid (3 ms)
    GET /api/queue/my-token
      ├ù should return my active token with correct position and wait time (3 ms)
      ├ù should return 404 if user has no active token (3 ms)

  ΓùÅ Queue APIs ΓÇ║ POST /api/queue/join ΓÇ║ should join the queue successfully

    TypeError: Cannot read properties of undefined (reading '_id')

    [0m [90m 37 |[39m     date[33m:[39m [36mnew[39m [33mDate[39m()[33m,[39m
     [90m 38 |[39m     expectedCapacity[33m:[39m [35m1000[39m[33m,[39m
    [31m[1m>[22m[39m[90m 39 |[39m     createdBy[33m:[39m 
res[33m.[39mbody[33m.[39muser[33m.[39m_id[33m,[39m
     [90m    |[39m                              [31m[1m^[22m[39m
     [90m 40 |[39m     status[33m:[39m [32m'active'[39m
     [90m 41 |[39m   })[33m;[39m
     [90m 42 |[39m   eventId [33m=[39m event[33m.[39m_id[33m.[39mtoString()[33m;[39m[0m

      at Object._id (tests/queue.test.js:39:30)

  ΓùÅ Queue APIs ΓÇ║ POST /api/queue/join ΓÇ║ should not allow a user to join twice for the same event

    TypeError: Cannot read properties of undefined (reading '_id')

    [0m [90m 37 |[39m     date[33m:[39m [36mnew[39m [33mDate[39m()[33m,[39m
     [90m 38 |[39m     expectedCapacity[33m:[39m [35m1000[39m[33m,[39m
    [31m[1m>[22m[39m[90m 39 |[39m     createdBy[33m:[39m 
res[33m.[39mbody[33m.[39muser[33m.[39m_id[33m,[39m
     [90m    |[39m                              [31m[1m^[22m[39m
     [90m 40 |[39m     status[33m:[39m [32m'active'[39m
     [90m 41 |[39m   })[33m;[39m
     [90m 42 |[39m   eventId [33m=[39m event[33m.[39m_id[33m.[39mtoString()[33m;[39m[0m

      at Object._id (tests/queue.test.js:39:30)

  ΓùÅ Queue APIs ΓÇ║ POST /api/queue/join ΓÇ║ should fail if event ID is invalid

    TypeError: Cannot read properties of undefined (reading '_id')

    [0m [90m 37 |[39m     date[33m:[39m [36mnew[39m [33mDate[39m()[33m,[39m
     [90m 38 |[39m     expectedCapacity[33m:[39m [35m1000[39m[33m,[39m
    [31m[1m>[22m[39m[90m 39 |[39m     createdBy[33m:[39m 
res[33m.[39mbody[33m.[39muser[33m.[39m_id[33m,[39m
     [90m    |[39m                              [31m[1m^[22m[39m
     [90m 40 |[39m     status[33m:[39m [32m'active'[39m
     [90m 41 |[39m   })[33m;[39m
     [90m 42 |[39m   eventId [33m=[39m event[33m.[39m_id[33m.[39mtoString()[33m;[39m[0m

      at Object._id (tests/queue.test.js:39:30)

  ΓùÅ Queue APIs ΓÇ║ GET /api/queue/my-token ΓÇ║ should return my active token with correct position and wait time

    TypeError: Cannot read properties of undefined (reading '_id')

    [0m [90m 37 |[39m     date[33m:[39m [36mnew[39m [33mDate[39m()[33m,[39m
     [90m 38 |[39m     expectedCapacity[33m:[39m [35m1000[39m[33m,[39m
    [31m[1m>[22m[39m[90m 39 |[39m     createdBy[33m:[39m 
res[33m.[39mbody[33m.[39muser[33m.[39m_id[33m,[39m
     [90m    |[39m                              [31m[1m^[22m[39m
     [90m 40 |[39m     status[33m:[39m [32m'active'[39m
     [90m 41 |[39m   })[33m;[39m
     [90m 42 |[39m   eventId [33m=[39m event[33m.[39m_id[33m.[39mtoString()[33m;[39m[0m

      at Object._id (tests/queue.test.js:39:30)

  ΓùÅ Queue APIs ΓÇ║ GET /api/queue/my-token ΓÇ║ should return 404 if user has no active token

    TypeError: Cannot read properties of undefined (reading '_id')

    [0m [90m 37 |[39m     date[33m:[39m [36mnew[39m [33mDate[39m()[33m,[39m
     [90m 38 |[39m     expectedCapacity[33m:[39m [35m1000[39m[33m,[39m
    [31m[1m>[22m[39m[90m 39 |[39m     createdBy[33m:[39m 
res[33m.[39mbody[33m.[39muser[33m.[39m_id[33m,[39m
     [90m    |[39m                              [31m[1m^[22m[39m
     [90m 40 |[39m     status[33m:[39m [32m'active'[39m
     [90m 41 |[39m   })[33m;[39m
     [90m 42 |[39m   eventId [33m=[39m event[33m.[39m_id[33m.[39mtoString()[33m;[39m[0m

      at Object._id (tests/queue.test.js:39:30)

FAIL tests/admin.test.js
  Admin Action APIs
    Authorization Checks
      ├ù should deny unauthorized access to admin endpoint (5 ms)
    Queue Manipulations
      ├ù should handle calling next when queue is empty (4 ms)
      ├ù should call next user and move queue forward (6 ms)
      ├ù should complete a token service (5 ms)

  ΓùÅ Admin Action APIs ΓÇ║ Authorization Checks ΓÇ║ should deny unauthorized access to admin endpoint

    TypeError: Cannot read properties of undefined (reading '_id')

    [0m [90m 43 |[39m     })[33m;[39m
     [90m 44 |[39m   userToken [33m=[39m userRes[33m.[39mbody[33m.[39mtoken[33m;[39m
    [31m[1m>[22m[39m[90m 45 |[39m   [36mconst[39m userId [33m=[39m 
userRes[33m.[39mbody[33m.[39muser[33m.[39m_id[33m;[39m
     [90m    |[39m                                    [31m[1m^[22m[39m
     [90m 46 |[39m
     [90m 47 |[39m   [90m// Create Event and Stall[39m
     [90m 48 |[39m   [36mconst[39m event [33m=[39m [36mawait[39m [33mEvent[39m[33m.[39mcreate({[0m

      at Object._id (tests/admin.test.js:45:36)

  ΓùÅ Admin Action APIs ΓÇ║ Queue Manipulations ΓÇ║ should handle calling next when queue is empty

    TypeError: Cannot read properties of undefined (reading '_id')

    [0m [90m 43 |[39m     })[33m;[39m
     [90m 44 |[39m   userToken [33m=[39m userRes[33m.[39mbody[33m.[39mtoken[33m;[39m
    [31m[1m>[22m[39m[90m 45 |[39m   [36mconst[39m userId [33m=[39m 
userRes[33m.[39mbody[33m.[39muser[33m.[39m_id[33m;[39m
     [90m    |[39m                                    [31m[1m^[22m[39m
     [90m 46 |[39m
     [90m 47 |[39m   [90m// Create Event and Stall[39m
     [90m 48 |[39m   [36mconst[39m event [33m=[39m [36mawait[39m [33mEvent[39m[33m.[39mcreate({[0m

      at Object._id (tests/admin.test.js:45:36)

  ΓùÅ Admin Action APIs ΓÇ║ Queue Manipulations ΓÇ║ should call next user and move queue forward

    TypeError: Cannot read properties of undefined (reading '_id')

    [0m [90m 43 |[39m     })[33m;[39m
     [90m 44 |[39m   userToken [33m=[39m userRes[33m.[39mbody[33m.[39mtoken[33m;[39m
    [31m[1m>[22m[39m[90m 45 |[39m   [36mconst[39m userId [33m=[39m 
userRes[33m.[39mbody[33m.[39muser[33m.[39m_id[33m;[39m
     [90m    |[39m                                    [31m[1m^[22m[39m
     [90m 46 |[39m
     [90m 47 |[39m   [90m// Create Event and Stall[39m
     [90m 48 |[39m   [36mconst[39m event [33m=[39m [36mawait[39m [33mEvent[39m[33m.[39mcreate({[0m

      at Object._id (tests/admin.test.js:45:36)

  ΓùÅ Admin Action APIs ΓÇ║ Queue Manipulations ΓÇ║ should complete a token service

    TypeError: Cannot read properties of undefined (reading '_id')

    [0m [90m 43 |[39m     })[33m;[39m
     [90m 44 |[39m   userToken [33m=[39m userRes[33m.[39mbody[33m.[39mtoken[33m;[39m
    [31m[1m>[22m[39m[90m 45 |[39m   [36mconst[39m userId [33m=[39m 
userRes[33m.[39mbody[33m.[39muser[33m.[39m_id[33m;[39m
     [90m    |[39m                                    [31m[1m^[22m[39m
     [90m 46 |[39m
     [90m 47 |[39m   [90m// Create Event and Stall[39m
     [90m 48 |[39m   [36mconst[39m event [33m=[39m [36mawait[39m [33mEvent[39m[33m.[39mcreate({[0m

      at Object._id (tests/admin.test.js:45:36)

FAIL tests/auth.test.js
  Auth APIs
    POST /api/auth/register
      ├ù should register a new user successfully (250 ms)
      ├ù should not allow duplicate email registration (235 ms)
    POST /api/auth/login
      ├ù should login optimally with valid credentials (472 ms)
      ΓêÜ should fail to login with invalid credentials (430 ms)

  ΓùÅ Auth APIs ΓÇ║ POST /api/auth/register ΓÇ║ should register a new user successfully

    expect(received).toHaveProperty(path)

    Expected path: "token"
    Received path: []

    Received value: {"data": {"token": "eyJhbGciOiJIUzI1NiIsInR5cCI6IkpXVCJ9.eyJpZCI6IjY5ZTNiNjNkOTE4NmNlMTRlMzJhMTA3My
IsImlhdCI6MTc3NjUzMTAwNSwiZXhwIjoxNzc3MTM1ODA1fQ.VASGcN2iHzHg_KUux0BH_MhH5N_Onrt43h2Bg8tgU2M", "user": {"_id": 
"69e3b63d9186ce14e32a1073", "createdAt": "2026-04-18T16:50:05.382Z", "currentEvent": null, "email": 
"test@example.com", "name": "Test User", "role": "user"}}, "message": "Account created successfully", "success": true}

    [0m [90m 38 |[39m       expect(res[33m.[39mstatusCode)[33m.[39mtoEqual([35m201[39m)[33m;[39m
     [90m 39 |[39m       expect(res[33m.[39mbody)[33m.[39mtoHaveProperty([32m'success'[39m[33m,[39m 
[36mtrue[39m)[33m;[39m
    [31m[1m>[22m[39m[90m 40 |[39m       
expect(res[33m.[39mbody)[33m.[39mtoHaveProperty([32m'token'[39m)[33m;[39m
     [90m    |[39m                        [31m[1m^[22m[39m
     [90m 41 |[39m       
expect(res[33m.[39mbody[33m.[39muser)[33m.[39mtoHaveProperty([32m'email'[39m[33m,[39m 
testUser[33m.[39memail)[33m;[39m
     [90m 42 |[39m     })[33m;[39m
     [90m 43 |[39m[0m

      at Object.toHaveProperty (tests/auth.test.js:40:24)

  ΓùÅ Auth APIs ΓÇ║ POST /api/auth/register ΓÇ║ should not allow duplicate email registration

    expect(received).toEqual(expected) // deep equality

    Expected: 400
    Received: 409

    [0m [90m 51 |[39m         [33m.[39msend({ [33m...[39mtestUser[33m,[39m name[33m:[39m [32m'Different 
Name'[39m })[33m;[39m
     [90m 52 |[39m
    [31m[1m>[22m[39m[90m 53 |[39m       
expect(res[33m.[39mstatusCode)[33m.[39mtoEqual([35m400[39m)[33m;[39m
     [90m    |[39m                              [31m[1m^[22m[39m
     [90m 54 |[39m       expect(res[33m.[39mbody)[33m.[39mtoHaveProperty([32m'success'[39m[33m,[39m 
[36mfalse[39m)[33m;[39m
     [90m 55 |[39m     })[33m;[39m
     [90m 56 |[39m   })[33m;[39m[0m

      at Object.toEqual (tests/auth.test.js:53:30)

  ΓùÅ Auth APIs ΓÇ║ POST /api/auth/login ΓÇ║ should login optimally with valid credentials

    expect(received).toHaveProperty(path)

    Expected path: "token"
    Received path: []

    Received value: {"data": {"token": "eyJhbGciOiJIUzI1NiIsInR5cCI6IkpXVCJ9.eyJpZCI6IjY5ZTNiNjNkOTE4NmNlMTRlMzJhMTA4Ny
IsImlhdCI6MTc3NjUzMTAwNiwiZXhwIjoxNzc3MTM1ODA2fQ.jcTjtJzmWecl_Z3XWfwsEMabMxqt0-l7Mz3tzUQe4a8", "user": {"_id": 
"69e3b63d9186ce14e32a1087", "createdAt": "2026-04-18T16:50:05.851Z", "currentEvent": null, "email": 
"test@example.com", "name": "Test User", "role": "user"}}, "message": "Login successful", "success": true}

    [0m [90m 70 |[39m       expect(res[33m.[39mstatusCode)[33m.[39mtoEqual([35m200[39m)[33m;[39m
     [90m 71 |[39m       expect(res[33m.[39mbody)[33m.[39mtoHaveProperty([32m'success'[39m[33m,[39m 
[36mtrue[39m)[33m;[39m
    [31m[1m>[22m[39m[90m 72 |[39m       
expect(res[33m.[39mbody)[33m.[39mtoHaveProperty([32m'token'[39m)[33m;[39m
     [90m    |[39m                        [31m[1m^[22m[39m
     [90m 73 |[39m     })[33m;[39m
     [90m 74 |[39m
     [90m 75 |[39m     it([32m'should fail to login with invalid credentials'[39m[33m,[39m [36masync[39m () 
[33m=>[39m {[0m

      at Object.toHaveProperty (tests/auth.test.js:72:24)

PASS tests/queueEngine.test.js
  Queue Engine Unit Tests
    estimateWaitTime
      ΓêÜ should correctly calculate wait time based on position and stall stats (2 ms)
    assignOptimalStall
      ΓêÜ should throw an error if no open stalls are available (7 ms)
      ΓêÜ should correctly assign user to the least loaded stall (10 ms)
      ΓêÜ should account for service time differences during assignment (9 ms)

Test Suites: 3 failed, 1 passed, 4 total
Tests:       12 failed, 5 passed, 17 total
Snapshots:   0 total
Time:        6.669 s, estimated 64 s
Ran all test suites.
Force exiting Jest: Have you considered using `--detectOpenHandles` to detect async operations that kept running after 
all tests finished?
